
=== Running run-update-preserve-unknown.js ===
Ô£à DSPF Designer script loaded
Ô£à Document already loaded, initializing immediately
­ƒôØ Applying indicator changes from Map to field: PRUEBA
­ƒôØ Applying indicator changes from Map to field: PRUEBA
­ƒôØ Applying indicator changes from Map to field: PRUEBA
­ƒôØ Generated DDS: name="PRUEBA" padded="PRUEBA    " type="10A  O" padded="   10A  O"
­ƒôØ Full line(s): "     A            PRUEBA        10A  O 18 32"
­ƒÉø Looking for field to update: PRUEBA type: undefined in record: PRUEBA
­ƒÉø New DDS line will be:      A            PRUEBA        10A  O 18 32
­ƒöì Found record start at line 1
­ƒÉø Searching within record boundaries: lines 1 to 9
­ƒôØ findFieldBlockInDds: searching for field PRUEBA (row=18, col=31, type=undefined) in record PRUEBA
­ƒôØ   Ô£à Found field at line 2
­ƒôØ   Block found: lines 2 to 8 (7 lines total)
­ƒöì Found field at line 2, block ends at line 8
­ƒôØ field block contains 7 line(s)
­ƒôØ Skipping blockLines[0] (original field declaration at line 2)
­ƒôØ Preserving unknown keyword line 8: "RANGE(1 10)"
­ƒôØ Updated field: replaced 7 lines with 2 lines (1 preserved extras)
­ƒôØ Document updated internally, waiting for Save. Record context: PRUEBA
Test passed: updateFieldInDds preserves PRUEBA associated unknown/non-regenerated lines.

=== Running run-delete-preserve-block.js ===
Ô£à DSPF Designer script loaded
Ô£à Document already loaded, initializing immediately
­ƒÉø Searching for field to remove: { name: 'PRUEBA', recordName: 'PRUEBA', row: 18, col: 31 } in record: PRUEBA
­ƒöì Found record start at line 1
­ƒÉø Looking for field "PRUEBA" at row=18 col=31
­ƒÉø Searching within record boundaries: lines 1 to 9
­ƒÉø Checking line 1: includesName=true, includesRow=false, includesCol=false, hasQuote=false
­ƒÉø Checking line 2: includesName=true, includesRow=true, includesCol=true, hasQuote=false
­ƒôØ Found field line at index 1 :      A            PRUEBA        10A  O 18 31
­ƒôØ Scanning backward for indicator-only lines...
­ƒôØ   Stopped at line 0: has field name
­ƒôØ Removing field line at adjusted index 1: "     A            PRUEBA        10A  O 18 31"
­ƒôØ Starting attribute cleanup at index 1, endSearch=8, lines.length=8
­ƒôØ   Checking line 1: "A  79N10                               DSPATR(RI)"
­ƒôØ    Coordinates check (raw substring 37+): "DSPATR(RI)", hasCoordinates=false
­ƒôØ    contentAfter43: "DSPATR(RI)", length: 10
­ƒôØ    Removing attribute/keyword line: A  79N10                               DSPATR(RI)...
­ƒôØ   Checking line 1: "A  50                                  DSPATR(BL)"
­ƒôØ    Coordinates check (raw substring 37+): "DSPATR(BL)", hasCoordinates=false
­ƒôØ    contentAfter43: "DSPATR(BL)", length: 10
­ƒôØ    Removing attribute/keyword line: A  50                                  DSPATR(BL)...
­ƒôØ   Checking line 1: "A  60                                  DFTVAL('XXX')"
­ƒôØ    Coordinates check (raw substring 37+): "DFTVAL('XX", hasCoordinates=false
­ƒôØ    contentAfter43: "DFTVAL('XXX')", length: 13
­ƒôØ    Removing attribute/keyword line: A  60                                  DFTVAL('XXX')...
­ƒôØ   Checking line 1: "A  99                                  COLOR(WHT)"
­ƒôØ    Coordinates check (raw substring 37+): "COLOR(WHT)", hasCoordinates=false
­ƒôØ    contentAfter43: "COLOR(WHT)", length: 10
­ƒôØ    Removing attribute/keyword line: A  99                                  COLOR(WHT)...
­ƒôØ   Checking line 1: "A  60                                  COLOR(TRQ)"
­ƒôØ    Coordinates check (raw substring 37+): "COLOR(TRQ)", hasCoordinates=false
­ƒôØ    contentAfter43: "COLOR(TRQ)", length: 10
­ƒôØ    Removing attribute/keyword line: A  60                                  COLOR(TRQ)...
­ƒôØ   Checking line 1: "A                                      RANGE(1 10)"
­ƒôØ    Coordinates check (raw substring 37+): "RANGE(1 10", hasCoordinates=false
­ƒôØ    contentAfter43: "RANGE(1 10)", length: 11
­ƒôØ    Removing attribute/keyword line: A                                      RANGE(1 10)...
­ƒôØ   Checking line 1: "A            FLD005        16Y 0O  8 51EDTCDE(3 $)"
­ƒôØ    Coordinates check (raw substring 37+): "8 51EDTCDE", hasCoordinates=true
­ƒôØ    Stopping: found new field with coordinates: "8 51EDTCDE"
­ƒôØ Removed field PRUEBA and 6 associated line(s)
­ƒöì Document updated after removal
­ƒôØ Document updated internally, waiting for Save. Record context: PRUEBA
Test passed: delete removes full PRUEBA block (including unknown/non-regenerated lines).

=== Running run-move-preserve-indicator-unknown.js ===
Ô£à DSPF Designer script loaded
Ô£à Document already loaded, initializing immediately
­ƒôØ Applying indicator changes from Map to field: PRUEBA
­ƒôØ Applying indicator changes from Map to field: PRUEBA
­ƒôØ Applying indicator changes from Map to field: PRUEBA
­ƒôØ Generated DDS: name="PRUEBA" padded="PRUEBA    " type="10A  O" padded="   10A  O"
­ƒôØ Full line(s): "     A            PRUEBA        10A  O 18 33"
­ƒÉø Looking for field to update: PRUEBA type: undefined in record: PRUEBA
­ƒÉø New DDS line will be:      A            PRUEBA        10A  O 18 33
­ƒöì Found record start at line 1
­ƒÉø Searching within record boundaries: lines 1 to 5
­ƒôØ findFieldBlockInDds: searching for field PRUEBA (row=18, col=31, type=undefined) in record PRUEBA
­ƒôØ   Ô£à Found field at line 2
­ƒôØ   Block found: lines 2 to 4 (3 lines total)
­ƒöì Found field at line 2, block ends at line 4
­ƒôØ field block contains 3 line(s)
­ƒôØ Skipping blockLines[0] (original field declaration at line 2)
­ƒôØ Buffering indicator-only line 3
­ƒôØ Preserving unknown keyword line 4: "KEEP"
­ƒôØ Updated field: replaced 3 lines with 3 lines (2 preserved extras)
­ƒôØ Document updated internally, waiting for Save. Record context: PRUEBA
Test passed: move/update preserves indicator-only + unknown keyword associated lines.

=== Running run-sfldspctl-indicator-isolation.js ===
Ô£à DSPF Designer script loaded
Ô£à Document already loaded, initializing immediately
PASS: run-sfldspctl-indicator-isolation.js

=== Running run-sfldspctl-reinsert-on-enable.js ===
Ô£à DSPF Designer script loaded
Ô£à Document already loaded, initializing immediately
­ƒôØ Applying subfile control changes...
­ƒôØ Removed SFLDSPCTL (1 line(s))
Ô£à Subfile control keywords applied successfully
­ƒôØ Applying subfile control changes...
­ƒôØ Inserted SFLDSPCTL without indicators at line 1
Ô£à Subfile control keywords applied successfully
PASS: run-sfldspctl-reinsert-on-enable.js

=== Running run-cntfld-regression.js ===
Ô£à DSPF Designer script loaded
Ô£à Document already loaded, initializing immediately
­ƒôØ Applying indicator changes from Map to field: FLD006
­ƒôØ Applying indicator changes from Map to field: FLD006
­ƒôØ Applying indicator changes from Map to field: FLD006
­ƒôØ Generated DDS: name="FLD006" padded="FLD006    " type="5A  B" padded="    5A  B"
­ƒôØ Full line(s): "     A            FLD006         5A  B 15 38
     A                                      CNTFLD(002)"
­ƒÉø Looking for field to update: FLD006 type: undefined in record: PRUEBA
­ƒÉø New DDS line will be:      A            FLD006         5A  B 15 38
     A                                      CNTFLD(002)
­ƒöì Found record start at line 1
­ƒÉø Searching within record boundaries: lines 1 to 3
­ƒôØ findFieldBlockInDds: searching for field FLD006 (row=15, col=38, type=undefined) in record PRUEBA
­ƒôØ   Ô£à Found field at line 2
­ƒôØ   Block found: lines 2 to 2 (1 lines total)
­ƒöì Found field at line 2, block ends at line 2
­ƒôØ field block contains 1 line(s)
­ƒôØ Skipping blockLines[0] (original field declaration at line 2)
­ƒôØ Updated field: replaced 1 lines with 2 lines (0 preserved extras)
­ƒôØ Document updated internally, waiting for Save. Record context: PRUEBA
­ƒôØ Applying indicator changes from Map to field: FLD006
­ƒôØ Applying indicator changes from Map to field: FLD006
­ƒôØ Applying indicator changes from Map to field: FLD006
­ƒôØ Generated DDS: name="FLD006" padded="FLD006    " type="5A  B" padded="    5A  B"
­ƒôØ Full line(s): "     A            FLD006         5A  B 15 38"
­ƒÉø Looking for field to update: FLD006 type: undefined in record: PRUEBA
­ƒÉø New DDS line will be:      A            FLD006         5A  B 15 38
­ƒöì Found record start at line 1
­ƒÉø Searching within record boundaries: lines 1 to 4
­ƒôØ findFieldBlockInDds: searching for field FLD006 (row=15, col=38, type=undefined) in record PRUEBA
­ƒôØ   Ô£à Found field at line 2
­ƒôØ   Block found: lines 2 to 3 (2 lines total)
­ƒöì Found field at line 2, block ends at line 3
­ƒôØ field block contains 2 line(s)
­ƒôØ Skipping blockLines[0] (original field declaration at line 2)
­ƒôØ Updated field: replaced 2 lines with 1 lines (0 preserved extras)
­ƒôØ Document updated internally, waiting for Save. Record context: PRUEBA
PASS: run-cntfld-regression.js

=== Running run-msgid-regression.js ===
Ô£à DSPF Designer script loaded
Ô£à Document already loaded, initializing immediately
­ƒôØ Applying indicator changes from Map to field: FLD006
­ƒôØ Applying indicator changes from Map to field: FLD006
­ƒôØ Applying indicator changes from Map to field: FLD006
­ƒôØ Generated DDS: name="FLD006" padded="FLD006    " type="10A  O" padded="   10A  O"
­ƒôØ Full line(s): "     A            FLD006        10A  O  5 10
     A                                      MSGID(AUM 0425 *LIBL/FTLNGMSG)"
­ƒÉø Looking for field to update: FLD006 type: undefined in record: PRUEBA
­ƒÉø New DDS line will be:      A            FLD006        10A  O  5 10
     A                                      MSGID(AUM 0425 *LIBL/FTLNGMSG)
­ƒöì Found record start at line 1
­ƒÉø Searching within record boundaries: lines 1 to 3
­ƒôØ findFieldBlockInDds: searching for field FLD006 (row=5, col=10, type=undefined) in record PRUEBA
­ƒôØ   Ô£à Found field at line 2
­ƒôØ   Block found: lines 2 to 2 (1 lines total)
­ƒöì Found field at line 2, block ends at line 2
­ƒôØ field block contains 1 line(s)
­ƒôØ Skipping blockLines[0] (original field declaration at line 2)
­ƒôØ Updated field: replaced 1 lines with 2 lines (0 preserved extras)
­ƒôØ Document updated internally, waiting for Save. Record context: PRUEBA
­ƒôØ Applying indicator changes from Map to field: FLD006
­ƒôØ Applying indicator changes from Map to field: FLD006
­ƒôØ Applying indicator changes from Map to field: FLD006
­ƒôØ Generated DDS: name="FLD006" padded="FLD006    " type="10A  O" padded="   10A  O"
­ƒôØ Full line(s): "     A            FLD006        10A  O  7 15
     A                                      MSGID(AUM 0425 *LIBL/FTLNGMSG)"
­ƒÉø Looking for field to update: FLD006 type: undefined in record: PRUEBA
­ƒÉø New DDS line will be:      A            FLD006        10A  O  7 15
     A                                      MSGID(AUM 0425 *LIBL/FTLNGMSG)
­ƒöì Found record start at line 1
­ƒÉø Searching within record boundaries: lines 1 to 4
­ƒôØ findFieldBlockInDds: searching for field FLD006 (row=5, col=10, type=undefined) in record PRUEBA
­ƒôØ   Ô£à Found field at line 2
­ƒôØ   Block found: lines 2 to 3 (2 lines total)
­ƒöì Found field at line 2, block ends at line 3
­ƒôØ field block contains 2 line(s)
­ƒôØ Skipping blockLines[0] (original field declaration at line 2)
­ƒôØ Updated field: replaced 2 lines with 2 lines (0 preserved extras)
­ƒôØ Document updated internally, waiting for Save. Record context: PRUEBA
­ƒôØ Applying indicator changes from Map to field: FLD006
­ƒôØ Applying indicator changes from Map to field: FLD006
­ƒôØ Applying indicator changes from Map to field: FLD006
­ƒôØ Generated DDS: name="FLD006" padded="FLD006    " type="10A  O" padded="   10A  O"
­ƒôØ Full line(s): "     A            FLD006        10A  O  5 10
     A                                      MSGID(ERR 0001)"
­ƒÉø Looking for field to update: FLD006 type: undefined in record: PRUEBA
­ƒÉø New DDS line will be:      A            FLD006        10A  O  5 10
     A                                      MSGID(ERR 0001)
­ƒöì Found record start at line 1
­ƒÉø Searching within record boundaries: lines 1 to 2
­ƒôØ findFieldBlockInDds: searching for field FLD006 (row=5, col=10, type=undefined) in record PRUEBA
­ƒôØ   Ô£à Found field at line 2
­ƒôØ   Block found: lines 2 to 2 (1 lines total)
­ƒöì Found field at line 2, block ends at line 2
­ƒôØ field block contains 1 line(s)
­ƒôØ Skipping blockLines[0] (original field declaration at line 2)
­ƒôØ Updated field: replaced 1 lines with 2 lines (0 preserved extras)
­ƒôØ Document updated internally, waiting for Save. Record context: PRUEBA
­ƒôØ Applying indicator changes from Map to field: FLD006
­ƒôØ Applying indicator changes from Map to field: FLD006
­ƒôØ Applying indicator changes from Map to field: FLD006
­ƒôØ Generated DDS: name="FLD006" padded="FLD006    " type="10A  O" padded="   10A  O"
­ƒôØ Full line(s): "     A            FLD006        10A  O  5 10"
­ƒÉø Looking for field to update: FLD006 type: undefined in record: PRUEBA
­ƒÉø New DDS line will be:      A            FLD006        10A  O  5 10
­ƒöì Found record start at line 1
­ƒÉø Searching within record boundaries: lines 1 to 3
­ƒôØ findFieldBlockInDds: searching for field FLD006 (row=5, col=10, type=undefined) in record PRUEBA
­ƒôØ   Ô£à Found field at line 2
­ƒôØ   Block found: lines 2 to 3 (2 lines total)
­ƒöì Found field at line 2, block ends at line 3
­ƒôØ field block contains 2 line(s)
­ƒôØ Skipping blockLines[0] (original field declaration at line 2)
­ƒôØ Updated field: replaced 2 lines with 1 lines (0 preserved extras)
­ƒôØ Document updated internally, waiting for Save. Record context: PRUEBA
PASS: run-msgid-regression.js

=== Running run-reffld-regression.js ===
Ô£à DSPF Designer script loaded
Ô£à Document already loaded, initializing immediately
­ƒôØ Applying indicator changes from Map to field: FLD006
­ƒôØ Applying indicator changes from Map to field: FLD006
­ƒôØ Applying indicator changes from Map to field: FLD006
­ƒôØ Generated DDS: name="FLD006" padded="FLD006    " type="10A  O" padded="   10A  O"
­ƒôØ Full line(s): "     A            FLD006        10A  O  5 10
     A                                      REFFLD(REFFLD_SOURCE SRCFILE)"
­ƒÉø Looking for field to update: FLD006 type: undefined in record: PRUEBA
­ƒÉø New DDS line will be:      A            FLD006        10A  O  5 10
     A                                      REFFLD(REFFLD_SOURCE SRCFILE)
­ƒöì Found record start at line 1
­ƒÉø Searching within record boundaries: lines 1 to 4
­ƒôØ findFieldBlockInDds: searching for field FLD006 (row=5, col=10, type=undefined) in record PRUEBA
­ƒôØ   Ô£à Found field at line 2
­ƒôØ   Block found: lines 2 to 3 (2 lines total)
­ƒöì Found field at line 2, block ends at line 3
­ƒôØ field block contains 2 line(s)
­ƒôØ Skipping blockLines[0] (original field declaration at line 2)
­ƒôØ Updated field: replaced 2 lines with 2 lines (0 preserved extras)
­ƒôØ Document updated internally, waiting for Save. Record context: PRUEBA
­ƒôØ Applying indicator changes from Map to field: FLD006
­ƒôØ Applying indicator changes from Map to field: FLD006
­ƒôØ Applying indicator changes from Map to field: FLD006
­ƒôØ Generated DDS: name="FLD006" padded="FLD006    " type="10A  O" padded="   10A  O"
­ƒôØ Full line(s): "     A            FLD006        10A  O  8 20
     A                                      REFFLD(REFFLD_SOURCE SRCFILE)"
­ƒÉø Looking for field to update: FLD006 type: undefined in record: PRUEBA
­ƒÉø New DDS line will be:      A            FLD006        10A  O  8 20
     A                                      REFFLD(REFFLD_SOURCE SRCFILE)
­ƒöì Found record start at line 1
­ƒÉø Searching within record boundaries: lines 1 to 4
­ƒôØ findFieldBlockInDds: searching for field FLD006 (row=5, col=10, type=undefined) in record PRUEBA
­ƒôØ   Ô£à Found field at line 2
­ƒôØ   Block found: lines 2 to 3 (2 lines total)
­ƒöì Found field at line 2, block ends at line 3
­ƒôØ field block contains 2 line(s)
­ƒôØ Skipping blockLines[0] (original field declaration at line 2)
­ƒôØ Updated field: replaced 2 lines with 2 lines (0 preserved extras)
­ƒôØ Document updated internally, waiting for Save. Record context: PRUEBA
­ƒôØ Applying indicator changes from Map to field: FLD006
­ƒôØ Applying indicator changes from Map to field: FLD006
­ƒôØ Applying indicator changes from Map to field: FLD006
­ƒôØ Generated DDS: name="FLD006" padded="FLD006    " type="10A  O" padded="   10A  O"
­ƒôØ Full line(s): "     A            FLD006        10A  O  5 10
     A                                      REFFLD(CUSTNAME MYLIB/CUSTPF)"
­ƒÉø Looking for field to update: FLD006 type: undefined in record: PRUEBA
­ƒÉø New DDS line will be:      A            FLD006        10A  O  5 10
     A                                      REFFLD(CUSTNAME MYLIB/CUSTPF)
­ƒöì Found record start at line 1
­ƒÉø Searching within record boundaries: lines 1 to 2
­ƒôØ findFieldBlockInDds: searching for field FLD006 (row=5, col=10, type=undefined) in record PRUEBA
­ƒôØ   Ô£à Found field at line 2
­ƒôØ   Block found: lines 2 to 2 (1 lines total)
­ƒöì Found field at line 2, block ends at line 2
­ƒôØ field block contains 1 line(s)
­ƒôØ Skipping blockLines[0] (original field declaration at line 2)
­ƒôØ Updated field: replaced 1 lines with 2 lines (0 preserved extras)
­ƒôØ Document updated internally, waiting for Save. Record context: PRUEBA
­ƒôØ Applying indicator changes from Map to field: FLD006
­ƒôØ Applying indicator changes from Map to field: FLD006
­ƒôØ Applying indicator changes from Map to field: FLD006
­ƒôØ Generated DDS: name="FLD006" padded="FLD006    " type="10A  O" padded="   10A  O"
­ƒôØ Full line(s): "     A            FLD006        10A  O  5 10"
­ƒÉø Looking for field to update: FLD006 type: undefined in record: PRUEBA
­ƒÉø New DDS line will be:      A            FLD006        10A  O  5 10
­ƒöì Found record start at line 1
­ƒÉø Searching within record boundaries: lines 1 to 3
­ƒôØ findFieldBlockInDds: searching for field FLD006 (row=5, col=10, type=undefined) in record PRUEBA
­ƒôØ   Ô£à Found field at line 2
­ƒôØ   Block found: lines 2 to 3 (2 lines total)
­ƒöì Found field at line 2, block ends at line 3
­ƒôØ field block contains 2 line(s)
­ƒôØ Skipping blockLines[0] (original field declaration at line 2)
­ƒôØ Updated field: replaced 2 lines with 1 lines (0 preserved extras)
­ƒôØ Document updated internally, waiting for Save. Record context: PRUEBA
PASS: run-reffld-regression.js

=== Running run-relative-plus-normalization.js ===
Ô£à DSPF Designer script loaded
Ô£à Document already loaded, initializing immediately
­ƒÉø Parsing content (hasOrPrefix=false): "FLD001         5A  O  8  3"
­ƒÉø Parts: [ 'FLD001', '5A', 'O', '8', '3' ]
­ƒÉø Parsing field: typeSpec="5A" hasDecimals=false
­ƒôè Mapped typeChar="A" hasDecimals=false to dataType="character"
­ƒÉø Extracted: name="FLD001" type="5A" decimals="0" usage="O" row="8" col="3" precision="null"
­ƒöì Parsed: FLD001 (character) at 8,3 length=5
­ƒÉø Parsing content (hasOrPrefix=false): "FLD002         6A  O   +02"
­ƒÉø Parts: [ 'FLD002', '6A', 'O', '+02' ]
­ƒÉø Parsing field: typeSpec="6A" hasDecimals=false
­ƒôè Mapped typeChar="A" hasDecimals=false to dataType="character"
­ƒÉø Extracted: name="FLD002" type="6A" decimals="0" usage="O" row="8" col="10" precision="null"
­ƒöì Parsed: FLD002 (character) at 8,10 length=6
­ƒöì Resolved relative coordinate on line 3: "A            FLD002         6A  O   +02"
­ƒÉø Parsing content (hasOrPrefix=false): "FLD003         7A  O   +02"
­ƒÉø Parts: [ 'FLD003', '7A', 'O', '+02' ]
­ƒÉø Parsing field: typeSpec="7A" hasDecimals=false
­ƒôè Mapped typeChar="A" hasDecimals=false to dataType="character"
­ƒÉø Extracted: name="FLD003" type="7A" decimals="0" usage="O" row="8" col="18" precision="null"
­ƒöì Parsed: FLD003 (character) at 8,18 length=7
­ƒöì Resolved relative coordinate on line 4: "A            FLD003         7A  O   +02"
­ƒÉø Parsing content (hasOrPrefix=false): "FLD004         8A  O   +02"
­ƒÉø Parts: [ 'FLD004', '8A', 'O', '+02' ]
­ƒÉø Parsing field: typeSpec="8A" hasDecimals=false
­ƒôè Mapped typeChar="A" hasDecimals=false to dataType="character"
­ƒÉø Extracted: name="FLD004" type="8A" decimals="0" usage="O" row="8" col="27" precision="null"
­ƒöì Parsed: FLD004 (character) at 8,27 length=8
­ƒöì Resolved relative coordinate on line 5: "A            FLD004         8A  O   +02"
­ƒÉø Parsing content (hasOrPrefix=false): "FLD005         9A  O   +02"
­ƒÉø Parts: [ 'FLD005', '9A', 'O', '+02' ]
­ƒÉø Parsing field: typeSpec="9A" hasDecimals=false
­ƒôè Mapped typeChar="A" hasDecimals=false to dataType="character"
­ƒÉø Extracted: name="FLD005" type="9A" decimals="0" usage="O" row="8" col="37" precision="null"
­ƒöì Parsed: FLD005 (character) at 8,37 length=9
­ƒöì Resolved relative coordinate on line 6: "A            FLD005         9A  O   +02"
­ƒÉø Parsing content (hasOrPrefix=false): "FLD006        10A  O   +03"
­ƒÉø Parts: [ 'FLD006', '10A', 'O', '+03' ]
­ƒÉø Parsing field: typeSpec="10A" hasDecimals=false
­ƒôè Mapped typeChar="A" hasDecimals=false to dataType="character"
­ƒÉø Extracted: name="FLD006" type="10A" decimals="0" usage="O" row="8" col="49" precision="null"
­ƒöì Parsed: FLD006 (character) at 8,49 length=10
­ƒöì Resolved relative coordinate on line 7: "A            FLD006        10A  O   +03"
PASS: run-relative-plus-normalization.js

=== Running run-window-comment-ignore.js ===
Ô£à DSPF Designer script loaded
Ô£à Document already loaded, initializing immediately
PASS: run-window-comment-ignore.js

=== Running run-sfl-multiline-rowspan.js ===
Ô£à DSPF Designer script loaded
Ô£à Document already loaded, initializing immediately
­ƒÉø Found SFL relationship (same line): FMTSFL is controlled by FMTCTL
­ƒôè Found SFLPAG for *DS3: 3
­ƒôè Found SFLPAG for *DS3: 3
­ƒÉø Applying SFLPAG repetition: 3 times for FMTSFL (from FMTCTL), row span=2
PASS: run-sfl-multiline-rowspan.js

All preserve regressions passed (11/11).
